[147] legend | Virat Kohli 139* (88) · batting
Virat Kohli 139* (88)

Joins Tendulkar (18,426) as the only players with 15,000 ODI runs.
• His third successive 50+ score in ODIs
• His 10th ODI hundred against West Indies — no one else has more than 5 in records since 2006

#INDvWI
• joins Tendulkar (18,426) as the only players with 15,000 ODI runs
• his third successive 50+ score in ODIs
• his 10th ODI hundred against West Indies — no one else has more than 5 in records since 2006
📊 <b>Chart idea:</b> Bar chart: his last 10 ODI innings, with a line at his career average (58.6)
<i>Data: 135 v South Africa; 102 v South Africa; 65* v South Africa; 93 v New Zealand; 23 v New Zealand; 124 v New Zealand; 5 v England; 65 v England; 74 v England; 139* v West Indies</i>
<b>Other angles</b>
◦ extends his all-time ODI record to 55 hundreds
◦ the first Indian to score an ODI hundred against West Indies since Rahul in December 2019 — Shubman Gill did it too in this match
◦ only Tendulkar (18,426) has more ODI runs
◦ only Tendulkar (145) has more ODI 50+ scores
◦ his last 5 ODI innings: 124, 5, 65, 74, 139* — 407 runs at 101.8

[116] drought | Shubman Gill 110 (108) · batting
Shubman Gill 110 (108)

The first Indian to score an ODI hundred against West Indies since Rahul in December 2019 — Virat Kohli did it too in this match.
• His last 4 ODI innings: 80, 31, 77, 110 — 298 runs at 74.5
• India have won 8 of the 9 ODIs in which he's scored a hundred

#INDvWI
• the first Indian to score an ODI hundred against West Indies since Rahul in December 2019 — Virat Kohli did it too in this match
• his last 4 ODI innings: 80, 31, 77, 110 — 298 runs at 74.5
• India have won 8 of the 9 ODIs in which he's scored a hundred
📊 <b>Chart idea:</b> Bar chart: his last 10 ODI innings, with a line at his career average (56.1)
<i>Data: 10 v Australia; 9 v Australia; 24 v Australia; 56 v New Zealand; 56 v New Zealand; 23 v New Zealand; 80 v England; 31 v England; 77 v England; 110 v West Indies</i>
<b>Other angles</b>
◦ his 5th 50+ score in his last 9 ODI innings
◦ his first ODI hundred in 1 year, 219 days

[108] impact | Kuldeep Yadav 4/40 · bowling
Kuldeep Yadav 4/40: India have won all 12 ODIs in which he's taken four or more wickets.

#INDvWI
• India have won all 12 ODIs in which he's taken four or more wickets

[101] comeback | Temba Bavuma 103 (116) · batting
Temba Bavuma 103 (116): his first ODI hundred in 3 years, 20 days. Also the first South African to score an ODI hundred against Australia since Miller in November 2023 — David Miller did it too in this match, and the highest ODI score by a South African at No.3 at home since van der Dussen's 111 in January 2023.

#SAvAUS
• his first ODI hundred in 3 years, 20 days
• the first South African to score an ODI hundred against Australia since Miller in November 2023 — David Miller did it too in this match
• the highest ODI score by a South African at No.3 at home since van der Dussen's 111 in January 2023
<b>Other angles</b>
◦ in his 50th ODI

[100] slump | Alzarri Joseph 1/81 · bowling
Alzarri Joseph 1/81: the most runs he's ever conceded in an ODI (previous worst 77).

#INDvWI
• the most runs he's ever conceded in an ODI (previous worst 77)

[99] drought | David Miller 142 (93) · batting
David Miller 142 (93): the first South African to score an ODI hundred against Australia since Miller in November 2023 — Temba Bavuma did it too in this match. Also at 37, the oldest South African to score an ODI hundred (in records since 2006), and struck at 153 in a match where everyone else scored at 107.

#SAvAUS
• the first South African to score an ODI hundred against Australia since Miller in November 2023 — Temba Bavuma did it too in this match
• at 37, the oldest South African to score an ODI hundred (in records since 2006)
• struck at 153 in a match where everyone else scored at 107
<b>Other angles</b>
◦ his first ODI hundred in 1 year, 206 days
◦ the highest ODI score by a South African at No.5 at home since Klaasen's 174 in September 2023
◦ a new career-best (previous 139)

[97] drought | Justin Greaves 101 (108) · batting
Justin Greaves 101 (108): the first West Indian to score an ODI hundred in India since Hope in December 2019. Also the highest ODI score by a West Indian at No.2 away from home since Hope's 119 in May 2022, and his maiden ODI hundred.

#INDvWI
• the first West Indian to score an ODI hundred in India since Hope in December 2019
• the highest ODI score by a West Indian at No.2 away from home since Hope's 119 in May 2022
• his maiden ODI hundred
<b>Other angles</b>
◦ a new career-best (previous 50)

[95] relative | Mitchell Marsh 84 (53) · batting
Mitchell Marsh 84 (53): struck at 158 in a match where everyone else scored at 110.

#SAvAUS
• struck at 158 in a match where everyone else scored at 110

[91] drought | Jack Edwards 5/67 · bowling
Jack Edwards 5/67: the first Australian to take an ODI five-for in South Africa since Bracken in March 2006.

#SAvAUS
• the first Australian to take an ODI five-for in South Africa since Bracken in March 2006
<b>Other angles</b>
◦ his maiden ODI five-for
